analyze /home/vagrant/git/livt/livt-ml/out/debug/lib/Livt.Lang.Package.vhd
analyze /home/vagrant/git/livt/livt-ml/out/debug/main/Livt.IO.IRam_g_integer_sig_3556f9c1c440.Package.vhd
analyze /home/vagrant/git/livt/livt-ml/out/debug/main/Livt.IO.SynchronousRam_g_integer_logic_array_3_8_enum_memorystyle_block_sig_b4f263665d1b.Package.vhd
analyze /home/vagrant/git/livt/livt-ml/out/debug/main/Livt.IO.Ram_g_integer_8_enum_memorystyle_block_sig_9eb5a6c4f6f8.Package.vhd
analyze /home/vagrant/git/livt/livt-ml/out/debug/main/Livt.IO.BlockRam_g_integer_8_sig_d5f3a45151fd.Package.vhd
analyze /home/vagrant/git/livt/livt-ml/out/debug/main/Livt.IO.SynchronousRam_g_integer_logic_array_7_128_enum_memorystyle_auto_sig_5a312e0783d1.Package.vhd
analyze /home/vagrant/git/livt/livt-ml/out/debug/main/Livt.IO.Ram_g_integer_128_enum_memorystyle_auto_sig_5c8e76b92f61.Package.vhd
analyze /home/vagrant/git/livt/livt-ml/out/debug/lib/Livt.Lang.IContext.Package.vhd
analyze /home/vagrant/git/livt/livt-ml/out/debug/lib/Livt.Lang.IComponent.Package.vhd
analyze /home/vagrant/git/livt/livt-ml/out/debug/lib/Livt.Lang.ITestComponent.Package.vhd
analyze /home/vagrant/git/livt/livt-ml/out/debug/lib/Livt.Lang.TestContextProvider.Package.vhd
analyze /home/vagrant/git/livt/livt-ml/out/debug/main/Livt.ML.Storage.IWeightTensor.Package.vhd
analyze /home/vagrant/git/livt/livt-ml/out/debug/tests/Livt.ML.Tests.IncrementalWeights.Package.vhd
analyze /home/vagrant/git/livt/livt-ml/out/debug/main/Livt.ML.Transformer.IFixedTransformerTables.Package.vhd
analyze /home/vagrant/git/livt/livt-ml/out/debug/tests/Livt.ML.Tests.SmallTransformerTables.Package.vhd
analyze /home/vagrant/git/livt/livt-ml/out/debug/main/Livt.Math.Arithmetic.IIntegerDivision_g_unsignedinteger_sig_809b61f6ff02.Package.vhd
analyze /home/vagrant/git/livt/livt-ml/out/debug/main/Livt.Math.Arithmetic.UnsignedDivision_g_31_sig_00e979e2352c.Package.vhd
analyze /home/vagrant/git/livt/livt-ml/out/debug/main/Livt.Math.Arithmetic.WideArithmeticPrimitive.Package.vhd
analyze /home/vagrant/git/livt/livt-ml/out/debug/main/Livt.Math.Arithmetic.WideArithmetic_g_16_31_sig_e2a79c0c06c4.Package.vhd
analyze /home/vagrant/git/livt/livt-ml/out/debug/main/Livt.ML.Classifier.StreamingArgMax.Package.vhd
analyze /home/vagrant/git/livt/livt-ml/out/debug/main/Livt.ML.Transformer.ITransformerKernels.Package.vhd
analyze /home/vagrant/git/livt/livt-ml/out/debug/main/Livt.ML.Transformer.IIncrementalTransformerKernels.Package.vhd
analyze /home/vagrant/git/livt/livt-ml/out/debug/main/Livt.ML.Transformer.FixedTransformerKernels_g_4_8_16_8_8_1_incrementalweights_smalltransformertables_ram_integer_128_sig_cdc2784d3783.Package.vhd
analyze /home/vagrant/git/livt/livt-ml/out/debug/tests/Livt.ML.Tests.IncrementalTransformerKernelsTest.Package.vhd
analyze /home/vagrant/git/livt/livt-ml/out/scratch-reset/scratch_reset_probe.vhd
analyze /home/vagrant/git/livt/livt-ml/out/scratch-reset/Livt.Lang.TestContextProvider.vhd
analyze /home/vagrant/git/livt/livt-ml/out/debug/main/Livt.IO.ISynchronousRam_g_integer_logic_array_7_ramgeometry_128_sig_b6283748e364.Package.vhd
analyze /home/vagrant/git/livt/livt-ml/out/debug/main/Livt.IO.RamAccess_g_integer_logic_array_7_128_synchronousram_integer_logic_array_7_128_enum_memorystyle_sig_4454f689db47.Package.vhd
analyze /home/vagrant/git/livt/livt-ml/out/debug/main/Livt.IO.SynchronousRam_g_integer_logic_array_7_128_enum_memorystyle_auto_sig_5a312e0783d1.vhd
analyze /home/vagrant/git/livt/livt-ml/out/debug/main/Livt.IO.RamAccess_g_integer_logic_array_7_128_synchronousram_integer_logic_array_7_128_enum_memorystyle_sig_4454f689db47.vhd
analyze /home/vagrant/git/livt/livt-ml/out/debug/main/Livt.IO.Ram_g_integer_128_enum_memorystyle_auto_sig_5c8e76b92f61.vhd
analyze /home/vagrant/git/livt/livt-ml/out/debug/main/Livt.IO.ISynchronousRam_g_integer_logic_array_3_ramgeometry_8_sig_e118310dd2e0.Package.vhd
analyze /home/vagrant/git/livt/livt-ml/out/debug/main/Livt.IO.RamAccess_g_integer_logic_array_3_8_synchronousram_integer_logic_array_3_8_enum_memorystyle_bloc_sig_f8471ff3459c.Package.vhd
analyze /home/vagrant/git/livt/livt-ml/out/debug/main/Livt.IO.SynchronousRam_g_integer_logic_array_3_8_enum_memorystyle_block_sig_b4f263665d1b.vhd
analyze /home/vagrant/git/livt/livt-ml/out/debug/main/Livt.IO.RamAccess_g_integer_logic_array_3_8_synchronousram_integer_logic_array_3_8_enum_memorystyle_bloc_sig_f8471ff3459c.vhd
analyze /home/vagrant/git/livt/livt-ml/out/debug/main/Livt.IO.BlockRam_g_integer_8_sig_d5f3a45151fd.vhd
analyze /home/vagrant/git/livt/livt-ml/out/debug/tests/Livt.ML.Tests.IncrementalWeights.vhd
analyze /home/vagrant/git/livt/livt-ml/out/debug/tests/Livt.ML.Tests.SmallTransformerTables.vhd
analyze /home/vagrant/git/livt/livt-ml/out/debug/main/WideArithmeticPrimitive.vhd
analyze /home/vagrant/git/livt/livt-ml/out/debug/main/Livt.Math.Arithmetic.WideArithmetic_g_16_31_sig_e2a79c0c06c4.vhd
analyze /home/vagrant/git/livt/livt-ml/out/debug/main/Livt.Math.Arithmetic.UnsignedDivision_g_31_sig_00e979e2352c.vhd
analyze /home/vagrant/git/livt/livt-ml/out/debug/main/Livt.ML.Classifier.StreamingArgMax.vhd
analyze /home/vagrant/git/livt/livt-ml/out/scratch-reset/Livt.ML.Transformer.FixedTransformerKernels_g_4_8_16_8_8_1_incrementalweights_smalltransformertables_ram_integer_128_sig_cdc2784d3783.vhd
analyze /home/vagrant/git/livt/livt-ml/out/debug/tests/Livt.ML.Tests.IncrementalTransformerKernelsTest.vhd
elaborate livt_ml_tests_incrementaltransformerkernelstest
